Shadow.x : ∀ v1 v3 v5 v8. v1 →  v3 →  v5 →  v8 →  v8
Shadow.x =
  λ @.v1^1:* @.v3^2:* @.v5^3:* @.v8^4:* Shadow.x^5:v1 Shadow.x^6:v3 Shadow.x^7:v5 Shadow.x^8:v8 → 
  Shadow.x^8
